// Jest Snapshot v1, https://goo.gl/fbAQLP

exports[`SwapRouter gas tests #exactInput 0 -> 1 -> 2 1`] = `887180`;

exports[`SwapRouter gas tests #exactInput 0 -> 1 1`] = `786450`;

exports[`SwapRouter gas tests #exactInput 0 -> 1 minimal 1`] = `766742`;

exports[`SwapRouter gas tests #exactInput 0 -> WETH9 1`] = `843895`;

exports[`SwapRouter gas tests #exactInput WETH9 -> 0 1`] = `822133`;

exports[`SwapRouter gas tests #exactInputSingle 0 -> 1 1`] = `784986`;

exports[`SwapRouter gas tests #exactInputSingle 0 -> WETH9 1`] = `842381`;

exports[`SwapRouter gas tests #exactInputSingle WETH9 -> 0 1`] = `820669`;

exports[`SwapRouter gas tests #exactOutput 0 -> 1 -> 2 1`] = `881527`;

exports[`SwapRouter gas tests #exactOutput 0 -> 1 1`] = `796591`;

exports[`SwapRouter gas tests #exactOutput 0 -> WETH9 1`] = `849978`;

exports[`SwapRouter gas tests #exactOutput WETH9 -> 0 1`] = `844401`;

exports[`SwapRouter gas tests #exactOutputSingle 0 -> 1 1`] = `795665`;

exports[`SwapRouter gas tests #exactOutputSingle 0 -> WETH9 1`] = `849524`;

exports[`SwapRouter gas tests #exactOutputSingle WETH9 -> 0 1`] = `840795`;
